$ lake build lean4export comparator
✔ [3/20] Built Comparator.Util (409ms)
✔ [4/20] Built Comparator.Util:c.o (167ms)
✔ [5/20] Built Export.Parse (1.8s)
✔ [6/20] Built Comparator.Axioms (703ms)
✔ [7/20] Built Export (2.9s)
✔ [8/20] Built Comparator.Axioms:c.o (425ms)
✔ [9/20] Built Comparator.Compare (975ms)
✔ [10/20] Built Comparator.Compare:c.o (548ms)
✔ [11/20] Built Main (1.4s)
✔ [12/20] Built Comparator (460ms)
✔ [13/20] Built Comparator:c.o (93ms)
✔ [14/20] Built Main:c.o (299ms)
✔ [15/20] Built Main (1.6s)
✔ [16/20] Built Export:c.o (3.0s)
✔ [17/20] Built Main:c.o (1.0s)
✔ [18/20] Built Export.Parse:c.o (5.4s)
✔ [19/20] Built lean4export:exe (1.2s)
✔ [20/20] Built comparator:exe (916ms)
Build completed successfully (20 jobs).

EXIT_STATUS=0
