Date: 2026-10-05
Scope: 13 declared results; local macOS checks only.
Command: /Users/sholden/.elan/bin/lake build Challenge Solution
⚠ [3654/3659] Replayed Challenge
warning: Challenge.lean:18:8: declaration uses `sorry`
warning: Challenge.lean:25:8: declaration uses `sorry`
warning: Challenge.lean:34:8: declaration uses `sorry`
warning: Challenge.lean:43:8: declaration uses `sorry`
warning: Challenge.lean:47:8: declaration uses `sorry`
warning: Challenge.lean:53:8: declaration uses `sorry`
warning: Challenge.lean:62:8: declaration uses `sorry`
warning: Challenge.lean:72:8: declaration uses `sorry`
warning: Challenge.lean:83:8: declaration uses `sorry`
warning: Challenge.lean:88:8: declaration uses `sorry`
warning: Challenge.lean:103:8: declaration uses `sorry`
warning: Challenge.lean:112:8: declaration uses `sorry`
warning: Challenge.lean:121:8: declaration uses `sorry`
ℹ [3658/3659] Replayed Solution
info: Solution.lean:6:0: 'AIM.P114.module_count_identity' depends on axioms: [propext, Classical.choice, Quot.sound]
info: Solution.lean:7:0: 'AIM.P114.sign_second_moment' depends on axioms: [propext, Classical.choice, Quot.sound]
info: Solution.lean:8:0: 'AIM.P114.variance_mixture_kurtosis' depends on axioms: [propext, Classical.choice, Quot.sound]
info: Solution.lean:10:0: 'AIM.P114.core_weight_bound' depends on axioms: [propext, Classical.choice, Quot.sound]
info: Solution.lean:11:0: 'AIM.P114.contaminated_law_probability' depends on axioms: [propext, Classical.choice, Quot.sound]
info: Solution.lean:12:0: 'AIM.P114.contamination_integral_bound' depends on axioms: [propext, Classical.choice, Quot.sound]
info: Solution.lean:13:0: 'AIM.P114.surplus_moment_contamination_bound' depends on axioms: [propext, Classical.choice, Quot.sound]
info: Solution.lean:14:0: 'AIM.P114.surplus_moment_contamination_tendsto' depends on axioms: [propext, Classical.choice, Quot.sound]
info: Solution.lean:15:0: 'AIM.P114.standard_gaussian_fourth_moment' depends on axioms: [propext, Classical.choice, Quot.sound]
info: Solution.lean:16:0: 'AIM.P114.normalized_variance_mixture_moments' depends on axioms: [propext, Classical.choice, Quot.sound]
info: Solution.lean:17:0: 'AIM.P114.normalized_variance_mixture_not_gaussian' depends on axioms: [propext, Classical.choice, Quot.sound]
info: Solution.lean:19:0: 'AIM.P114.core_completion_of_squares' depends on axioms: [propext, Classical.choice, Quot.sound]
info: Solution.lean:20:0: 'AIM.P114.core_positive_index' depends on axioms: [propext, Classical.choice, Quot.sound]
Build completed successfully (3659 jobs).

Exit code: 0
