Independent AI referee probability_review; 2026-10-05
Preproof boundary check; no GraphLengthBridgeProof.lean exists.
Input SHA-256:
d6ae573f026b748aab738c062995d65f4279f3da4c4f0ec410e4aa5a29cfb793  GraphLengthBridgeChallenge.lean
11566eb5cc9c0903c9b2f8e1cf8dfca0a63b88c8d22d44bba05529ce511cacca  GRAPH_LENGTH_BRIDGE_TARGETS.md
0926ae9ca8ae094629c374defd9829436fddf313c63698d227ffd5eb9af70c20  AIM/P114/LengthDefinitions.lean
07bc41002c2ee24e98c3686748709fb576f9dd93922ebbd9b29c5297f93a71ca  AIM/P114/GraphDefinitions.lean
e68aad72899cdb0827742bf90fd899c20682c460693faeaeec09c012a8426c08  AIM/P114/TransferDefinitions.lean
c8788e2afe2c5728840485801dfe59488f2c8388f9ad5e20bb753984ee96056c  AIM/P114/TransferProof.lean
f7f0c63c8e5bfc1b885e90ae8157be1f13f6a4385b6a5211c226fe026336cd48  lake-manifest.json
3aac669c7a910ec2389f4e4f921b605adf6ebf2d1e0c9b9cd0be4d33f3f5db71  lean-toolchain

Command: /Users/sholden/.elan/bin/lake build AIM.P114.LengthDefinitions
Build completed successfully (3252 jobs).

Exit code: 0
Source hashes unchanged: True

Command: /Users/sholden/.elan/bin/lake env lean GraphLengthBridgeChallenge.lean
GraphLengthBridgeChallenge.lean:11:8: warning: declaration uses `sorry`
GraphLengthBridgeChallenge.lean:16:8: warning: declaration uses `sorry`
GraphLengthBridgeChallenge.lean:21:8: warning: declaration uses `sorry`

Exit code: 0
Source hashes unchanged: True
