$ /Users/sholden/.elan/bin/lake build Challenge Solution
⚠ [3689/3694] Replayed Challenge
warning: Challenge.lean:21:8: declaration uses `sorry`
warning: Challenge.lean:28:8: declaration uses `sorry`
warning: Challenge.lean:37:8: declaration uses `sorry`
warning: Challenge.lean:46:8: declaration uses `sorry`
warning: Challenge.lean:50:8: declaration uses `sorry`
warning: Challenge.lean:56:8: declaration uses `sorry`
warning: Challenge.lean:65:8: declaration uses `sorry`
warning: Challenge.lean:75:8: declaration uses `sorry`
warning: Challenge.lean:86:8: declaration uses `sorry`
warning: Challenge.lean:91:8: declaration uses `sorry`
warning: Challenge.lean:106:8: declaration uses `sorry`
warning: Challenge.lean:115:8: declaration uses `sorry`
warning: Challenge.lean:124:8: declaration uses `sorry`
warning: Challenge.lean:133:8: declaration uses `sorry`
warning: Challenge.lean:136:8: declaration uses `sorry`
warning: Challenge.lean:140:8: declaration uses `sorry`
warning: Challenge.lean:144:8: declaration uses `sorry`
warning: Challenge.lean:155:8: declaration uses `sorry`
warning: Challenge.lean:162:8: declaration uses `sorry`
warning: Challenge.lean:167:8: declaration uses `sorry`
warning: Challenge.lean:172:8: declaration uses `sorry`
warning: Challenge.lean:178:8: declaration uses `sorry`
warning: Challenge.lean:186:8: declaration uses `sorry`
warning: Challenge.lean:194:8: declaration uses `sorry`
warning: Challenge.lean:201:8: declaration uses `sorry`
warning: Challenge.lean:210:8: declaration uses `sorry`
warning: Challenge.lean:214:8: declaration uses `sorry`
warning: Challenge.lean:219:8: declaration uses `sorry`
warning: Challenge.lean:224:8: declaration uses `sorry`
warning: Challenge.lean:229:8: declaration uses `sorry`
warning: Challenge.lean:234:8: declaration uses `sorry`
ℹ [3693/3694] Replayed Solution
info: Solution.lean:10:0: 'AIM.P114.module_count_identity' depends on axioms: [propext, Classical.choice, Quot.sound]
info: Solution.lean:11:0: 'AIM.P114.sign_second_moment' depends on axioms: [propext, Classical.choice, Quot.sound]
info: Solution.lean:12:0: 'AIM.P114.variance_mixture_kurtosis' depends on axioms: [propext, Classical.choice, Quot.sound]
info: Solution.lean:13:0: 'AIM.P114.core_weight_bound' depends on axioms: [propext, Classical.choice, Quot.sound]
info: Solution.lean:14:0: 'AIM.P114.contaminated_law_probability' depends on axioms: [propext, Classical.choice, Quot.sound]
info: Solution.lean:15:0: 'AIM.P114.contamination_integral_bound' depends on axioms: [propext, Classical.choice, Quot.sound]
info: Solution.lean:16:0: 'AIM.P114.surplus_moment_contamination_bound' depends on axioms: [propext, Classical.choice, Quot.sound]
info: Solution.lean:17:0: 'AIM.P114.surplus_moment_contamination_tendsto' depends on axioms: [propext, Classical.choice, Quot.sound]
info: Solution.lean:18:0: 'AIM.P114.standard_gaussian_fourth_moment' depends on axioms: [propext, Classical.choice, Quot.sound]
info: Solution.lean:19:0: 'AIM.P114.normalized_variance_mixture_moments' depends on axioms: [propext, Classical.choice, Quot.sound]
info: Solution.lean:20:0: 'AIM.P114.normalized_variance_mixture_not_gaussian' depends on axioms: [propext, Classical.choice, Quot.sound]
info: Solution.lean:21:0: 'AIM.P114.core_completion_of_squares' depends on axioms: [propext, Classical.choice, Quot.sound]
info: Solution.lean:22:0: 'AIM.P114.core_positive_index' depends on axioms: [propext, Classical.choice, Quot.sound]
info: Solution.lean:23:0: 'AIM.P114.actual_nodal_variance_zero' depends on axioms: [propext, Classical.choice, Quot.sound]
info: Solution.lean:24:0: 'AIM.P114.actual_nodal_variance_bounds' depends on axioms: [propext, Classical.choice, Quot.sound]
info: Solution.lean:25:0: 'AIM.P114.actual_nodal_variance_continuous' depends on axioms: [propext, Classical.choice, Quot.sound]
info: Solution.lean:26:0: 'AIM.P114.actual_nodal_variance_mixture_inputs' depends on axioms: [propext, Classical.choice, Quot.sound]
info: Solution.lean:27:0: 'AIM.P114.actual_nodal_variance_mixture_not_gaussian' depends on axioms: [propext, Classical.choice, Quot.sound]
info: Solution.lean:28:0: 'AIM.P114.counterexample_loopless' depends on axioms: [propext, Classical.choice, Quot.sound]
info: Solution.lean:29:0: 'AIM.P114.counterexample_connected' depends on axioms: [propext, Classical.choice, Quot.sound]
info: Solution.lean:30:0: 'AIM.P114.counterexample_cardinalities' depends on axioms: [propext, Classical.choice, Quot.sound]
info: Solution.lean:31:0: 'AIM.P114.counterexample_parallel_edges' depends on axioms: [propext, Quot.sound]
info: Solution.lean:32:0: 'AIM.P114.counterexample_degrees' depends on axioms: [propext, Classical.choice, Quot.sound]
info: Solution.lean:33:0: 'AIM.P114.counterexample_no_degree_two' depends on axioms: [propext, Classical.choice, Quot.sound]
info: Solution.lean:34:0: 'AIM.P114.counterexample_euler_count' depends on axioms: [propext, Classical.choice, Quot.sound]
info: Solution.lean:36:0: 'AIM.P114.prime_root_lengths_linearIndependent' depends on axioms: [propext, Classical.choice, Quot.sound]
info: Solution.lean:37:0: 'AIM.P114.counterexample_metric_lengths_positive' depends on axioms: [propext, Classical.choice, Quot.sound]
info: Solution.lean:38:0: 'AIM.P114.counterexample_metric_lengths_linearIndependent' depends on axioms: [propext, Classical.choice, Quot.sound]
info: Solution.lean:40:0: 'AIM.P114.actual_graph_core_length_sum' depends on axioms: [propext, Classical.choice, Quot.sound]
info: Solution.lean:41:0: 'AIM.P114.actual_graph_total_length_sum' depends on axioms: [propext, Classical.choice, Quot.sound]
info: Solution.lean:42:0: 'AIM.P114.actual_graph_core_length_ratio_bound' depends on axioms: [propext, Classical.choice, Quot.sound]
Build completed successfully (3694 jobs).

exit_code=0
