Independent AI referee probability_review; 2026-10-05
Command: /Users/sholden/.elan/bin/lake env lean /tmp/aim114-review/referee-2-graph-axioms.lean
Working directory: /Users/sholden/Projects/AIM/research/lean/114
Input SHA-256:
07bc41002c2ee24e98c3686748709fb576f9dd93922ebbd9b29c5297f93a71ca  AIM/P114/GraphDefinitions.lean
75232119b42e3cffb5829d959fc38842acc1381eeb409da33d9baef9faae95ea  AIM/P114/GraphProof.lean
d08288b79567924d4e54853b48b48735dd4f37bc15a31e1162c525617f4f68b7  GraphChallenge.lean
ab9f462562e75b7af02d33d5cf70c9af765edc8b14e50c2b960ebb625338633f  GRAPH_TARGETS.md
3b969cb86b00fec44a9d9236cfed60cbd46fa33fc66932ecaafdd0e382cc49de  GRAPH_PROOF.md
f7f0c63c8e5bfc1b885e90ae8157be1f13f6a4385b6a5211c226fe026336cd48  lake-manifest.json
3aac669c7a910ec2389f4e4f921b605adf6ebf2d1e0c9b9cd0be4d33f3f5db71  lean-toolchain
Temporary probe source:
import AIM.P114.GraphProof

#print axioms AIM.P114.counterexample_loopless
#print axioms AIM.P114.counterexample_connected
#print axioms AIM.P114.counterexample_cardinalities
#print axioms AIM.P114.counterexample_parallel_edges
#print axioms AIM.P114.counterexample_degrees
#print axioms AIM.P114.counterexample_no_degree_two
#print axioms AIM.P114.counterexample_euler_count


'AIM.P114.counterexample_loopless' depends on axioms: [propext, Classical.choice, Quot.sound]
'AIM.P114.counterexample_connected' depends on axioms: [propext, Classical.choice, Quot.sound]
'AIM.P114.counterexample_cardinalities' depends on axioms: [propext, Classical.choice, Quot.sound]
'AIM.P114.counterexample_parallel_edges' depends on axioms: [propext, Quot.sound]
'AIM.P114.counterexample_degrees' depends on axioms: [propext, Classical.choice, Quot.sound]
'AIM.P114.counterexample_no_degree_two' depends on axioms: [propext, Classical.choice, Quot.sound]
'AIM.P114.counterexample_euler_count' depends on axioms: [propext, Classical.choice, Quot.sound]

Exit code: 0
Source hashes unchanged: True
