$ /Users/sholden/.elan/bin/lake env lean Solution.lean
'AIM.P114.module_count_identity' depends on axioms: [propext, Classical.choice, Quot.sound]
'AIM.P114.sign_second_moment' depends on axioms: [propext, Classical.choice, Quot.sound]
'AIM.P114.variance_mixture_kurtosis' depends on axioms: [propext, Classical.choice, Quot.sound]
'AIM.P114.core_weight_bound' depends on axioms: [propext, Classical.choice, Quot.sound]
'AIM.P114.contaminated_law_probability' depends on axioms: [propext, Classical.choice, Quot.sound]
'AIM.P114.contamination_integral_bound' depends on axioms: [propext, Classical.choice, Quot.sound]
'AIM.P114.surplus_moment_contamination_bound' depends on axioms: [propext, Classical.choice, Quot.sound]
'AIM.P114.surplus_moment_contamination_tendsto' depends on axioms: [propext, Classical.choice, Quot.sound]
'AIM.P114.standard_gaussian_fourth_moment' depends on axioms: [propext, Classical.choice, Quot.sound]
'AIM.P114.normalized_variance_mixture_moments' depends on axioms: [propext, Classical.choice, Quot.sound]
'AIM.P114.normalized_variance_mixture_not_gaussian' depends on axioms: [propext, Classical.choice, Quot.sound]
'AIM.P114.core_completion_of_squares' depends on axioms: [propext, Classical.choice, Quot.sound]
'AIM.P114.core_positive_index' depends on axioms: [propext, Classical.choice, Quot.sound]
'AIM.P114.actual_nodal_variance_zero' depends on axioms: [propext, Classical.choice, Quot.sound]
'AIM.P114.actual_nodal_variance_bounds' depends on axioms: [propext, Classical.choice, Quot.sound]
'AIM.P114.actual_nodal_variance_continuous' depends on axioms: [propext, Classical.choice, Quot.sound]
'AIM.P114.actual_nodal_variance_mixture_inputs' depends on axioms: [propext, Classical.choice, Quot.sound]
'AIM.P114.actual_nodal_variance_mixture_not_gaussian' depends on axioms: [propext, Classical.choice, Quot.sound]
'AIM.P114.counterexample_loopless' depends on axioms: [propext, Classical.choice, Quot.sound]
'AIM.P114.counterexample_connected' depends on axioms: [propext, Classical.choice, Quot.sound]
'AIM.P114.counterexample_cardinalities' depends on axioms: [propext, Classical.choice, Quot.sound]
'AIM.P114.counterexample_parallel_edges' depends on axioms: [propext, Quot.sound]
'AIM.P114.counterexample_degrees' depends on axioms: [propext, Classical.choice, Quot.sound]
'AIM.P114.counterexample_no_degree_two' depends on axioms: [propext, Classical.choice, Quot.sound]
'AIM.P114.counterexample_euler_count' depends on axioms: [propext, Classical.choice, Quot.sound]
'AIM.P114.prime_root_lengths_linearIndependent' depends on axioms: [propext, Classical.choice, Quot.sound]
'AIM.P114.counterexample_metric_lengths_positive' depends on axioms: [propext, Classical.choice, Quot.sound]
'AIM.P114.counterexample_metric_lengths_linearIndependent' depends on axioms: [propext, Classical.choice, Quot.sound]

exit_code=0
