$ lake build lean4export comparator
✔ [3/20] Built Comparator.Util (354ms)
✔ [4/20] Built Comparator.Util:c.o (132ms)
✔ [5/20] Built Export.Parse (1.5s)
✔ [6/20] Built Comparator.Axioms (569ms)
✔ [7/20] Built Export (2.3s)
✔ [8/20] Built Comparator.Axioms:c.o (354ms)
✔ [9/20] Built Comparator.Compare (739ms)
✔ [10/20] Built Comparator.Compare:c.o (523ms)
✔ [11/20] Built Main (1.2s)
✔ [12/20] Built Comparator (376ms)
✔ [13/20] Built Comparator:c.o (66ms)
✔ [14/20] Built Main:c.o (230ms)
✔ [15/20] Built Export:c.o (2.9s)
✔ [16/20] Built Main (1.6s)
✔ [17/20] Built Export.Parse:c.o (4.1s)
✔ [18/20] Built lean4export:exe (851ms)
✔ [19/20] Built Main:c.o (940ms)
✔ [20/20] Built comparator:exe (563ms)
Build completed successfully (20 jobs).

EXIT_STATUS=0
