$ lake exe cache get
✔ [1/5] Built Cache.Cli (388ms)
✔ [2/5] Built Cache.Lean (461ms)
✔ [6/26] Built Cache.Cli:c.o (229ms)
✔ [7/26] Built Cache.Lean:c.o (269ms)
✔ [8/26] Built Cache.Infra (512ms)
✔ [9/26] Built Cache.Infra:c.o (254ms)
✔ [10/26] Built Batteries.Tactic.OpenPrivate (1.1s)
✔ [11/26] Built Batteries.Tactic.OpenPrivate:c.o (1.4s)
✔ [12/26] Built Cache.IO (1.6s)
✔ [13/26] Built Cache.Hashing (851ms)
✔ [14/26] Built Cache.Hashing:c.o (489ms)
✔ [15/26] Built Cache.IO:c.o (1.0s)
✔ [16/26] Built Cache.Requests (2.3s)
✔ [17/26] Built Cache.Marker (654ms)
✔ [18/26] Built Cache.Marker:c.o (156ms)
✔ [19/26] Built Cache.Query (811ms)
✔ [20/26] Built Cache.Query:c.o (347ms)
✔ [21/26] Built Cache.Warning (874ms)
✔ [22/26] Built Cache.Warning:c.o (440ms)
✔ [23/26] Built Cache.Requests:c.o (3.4s)
✔ [24/26] Built Cache.Main (1.4s)
✔ [25/26] Built Cache.Main:c.o (1.0s)
✔ [26/26] Built cache:exe (727ms)
Current branch: HEAD
Using cache from origin: (some leanprover-community/mathlib4)
Attempting to download 8690 file(s) from leanprover-community/mathlib4 cache at https://lakecache.blob.core.windows.net/mathlib4-master

Downloaded: 1 file(s) [attempted 1/8690 = 0%, 15 KB/s], Decompressed: 0
Downloaded: 102 file(s) [attempted 102/8690 = 1%, 43 KB/s], Decompressed: 10
Downloaded: 214 file(s) [attempted 214/8690 = 2%, 835 KB/s], Decompressed: 45
Downloaded: 333 file(s) [attempted 333/8690 = 3%, 640 KB/s], Decompressed: 45
Downloaded: 461 file(s) [attempted 461/8690 = 5%, 3335 KB/s], Decompressed: 45
Downloaded: 582 file(s) [attempted 582/8690 = 6%, 96 KB/s], Decompressed: 45
Downloaded: 701 file(s) [attempted 701/8690 = 8%, 188 KB/s], Decompressed: 170
Downloaded: 830 file(s) [attempted 830/8690 = 9%, 1269 KB/s], Decompressed: 170
Downloaded: 942 file(s) [attempted 942/8690 = 10%, 3235 KB/s], Decompressed: 170
Downloaded: 1068 file(s) [attempted 1068/8690 = 12%, 3353 KB/s], Decompressed: 170
Downloaded: 1187 file(s) [attempted 1187/8690 = 13%, 716 KB/s], Decompressed: 170
Downloaded: 1333 file(s) [attempted 1333/8690 = 15%, 941 KB/s], Decompressed: 170
Downloaded: 1461 file(s) [attempted 1461/8690 = 16%, 752 KB/s], Decompressed: 170
Downloaded: 1578 file(s) [attempted 1578/8690 = 18%, 2642 KB/s], Decompressed: 170
Downloaded: 1694 file(s) [attempted 1694/8690 = 19%, 527 KB/s], Decompressed: 170
Downloaded: 1806 file(s) [attempted 1806/8690 = 20%, 647 KB/s], Decompressed: 170
Downloaded: 1916 file(s) [attempted 1916/8690 = 22%, 928 KB/s], Decompressed: 170
Downloaded: 2026 file(s) [attempted 2026/8690 = 23%, 559 KB/s], Decompressed: 170
Downloaded: 2138 file(s) [attempted 2138/8690 = 24%, 5020 KB/s], Decompressed: 170
Downloaded: 2257 file(s) [attempted 2257/8690 = 25%, 2656 KB/s], Decompressed: 170
Downloaded: 2401 file(s) [attempted 2401/8690 = 27%, 521 KB/s], Decompressed: 170
Downloaded: 2533 file(s) [attempted 2533/8690 = 29%, 96 KB/s], Decompressed: 170
Downloaded: 2682 file(s) [attempted 2682/8690 = 30%, 292 KB/s], Decompressed: 170
Downloaded: 2803 file(s) [attempted 2803/8690 = 32%, 249 KB/s], Decompressed: 170
Downloaded: 2944 file(s) [attempted 2944/8690 = 33%, 1598 KB/s], Decompressed: 170
Downloaded: 3069 file(s) [attempted 3069/8690 = 35%, 1142 KB/s], Decompressed: 170
Downloaded: 3196 file(s) [attempted 3196/8690 = 36%, 785 KB/s], Decompressed: 170
Downloaded: 3341 file(s) [attempted 3341/8690 = 38%, 2531 KB/s], Decompressed: 701
Downloaded: 3466 file(s) [attempted 3466/8690 = 39%, 5453 KB/s], Decompressed: 701
Downloaded: 3578 file(s) [attempted 3578/8690 = 41%, 4005 KB/s], Decompressed: 701
Downloaded: 3686 file(s) [attempted 3686/8690 = 42%, 860 KB/s], Decompressed: 701
Downloaded: 3795 file(s) [attempted 3795/8690 = 43%, 1083 KB/s], Decompressed: 701
Downloaded: 3908 file(s) [attempted 3908/8690 = 44%, 239 KB/s], Decompressed: 701
Downloaded: 4040 file(s) [attempted 4040/8690 = 46%, 1704 KB/s], Decompressed: 701
Downloaded: 4175 file(s) [attempted 4175/8690 = 48%, 1203 KB/s], Decompressed: 701
Downloaded: 4305 file(s) [attempted 4305/8690 = 49%, 686 KB/s], Decompressed: 701
Downloaded: 4425 file(s) [attempted 4425/8690 = 50%, 869 KB/s], Decompressed: 701
Downloaded: 4550 file(s) [attempted 4550/8690 = 52%, 579 KB/s], Decompressed: 701
Downloaded: 4681 file(s) [attempted 4681/8690 = 53%, 160 KB/s], Decompressed: 701
Downloaded: 4801 file(s) [attempted 4801/8690 = 55%, 1351 KB/s], Decompressed: 701
Downloaded: 4912 file(s) [attempted 4912/8690 = 56%, 180 KB/s], Decompressed: 701
Downloaded: 5058 file(s) [attempted 5058/8690 = 58%, 1589 KB/s], Decompressed: 701
Downloaded: 5196 file(s) [attempted 5196/8690 = 59%, 577 KB/s], Decompressed: 701
Downloaded: 5321 file(s) [attempted 5321/8690 = 61%, 279 KB/s], Decompressed: 701
Downloaded: 5449 file(s) [attempted 5449/8690 = 62%, 1341 KB/s], Decompressed: 701
Downloaded: 5587 file(s) [attempted 5587/8690 = 64%, 2301 KB/s], Decompressed: 701
Downloaded: 5707 file(s) [attempted 5707/8690 = 65%, 6866 KB/s], Decompressed: 701
Downloaded: 5842 file(s) [attempted 5842/8690 = 67%, 237 KB/s], Decompressed: 701
Downloaded: 5950 file(s) [attempted 5950/8690 = 68%, 4530 KB/s], Decompressed: 701
Downloaded: 6058 file(s) [attempted 6058/8690 = 69%, 268 KB/s], Decompressed: 701
Downloaded: 6201 file(s) [attempted 6201/8690 = 71%, 666 KB/s], Decompressed: 701
Downloaded: 6313 file(s) [attempted 6313/8690 = 72%, 341 KB/s], Decompressed: 701
Downloaded: 6437 file(s) [attempted 6437/8690 = 74%, 1124 KB/s], Decompressed: 701
Downloaded: 6535 file(s) [attempted 6535/8690 = 75%, 122 KB/s], Decompressed: 701
Downloaded: 6597 file(s) [attempted 6597/8690 = 75%, 1881 KB/s], Decompressed: 701
Downloaded: 6711 file(s) [attempted 6711/8690 = 77%, 2120 KB/s], Decompressed: 701
Downloaded: 6833 file(s) [attempted 6833/8690 = 78%, 880 KB/s], Decompressed: 701
Downloaded: 6956 file(s) [attempted 6956/8690 = 80%, 321 KB/s], Decompressed: 701
Downloaded: 7075 file(s) [attempted 7075/8690 = 81%, 328 KB/s], Decompressed: 701
Downloaded: 7204 file(s) [attempted 7204/8690 = 82%, 507 KB/s], Decompressed: 701
Downloaded: 7347 file(s) [attempted 7347/8690 = 84%, 457 KB/s], Decompressed: 701
Downloaded: 7480 file(s) [attempted 7480/8690 = 86%, 253 KB/s], Decompressed: 701
Downloaded: 7596 file(s) [attempted 7596/8690 = 87%, 545 KB/s], Decompressed: 701
Downloaded: 7743 file(s) [attempted 7743/8690 = 89%, 791 KB/s], Decompressed: 701
Downloaded: 7868 file(s) [attempted 7868/8690 = 90%, 793 KB/s], Decompressed: 701
Downloaded: 7999 file(s) [attempted 7999/8690 = 92%, 5086 KB/s], Decompressed: 701
Downloaded: 8113 file(s) [attempted 8113/8690 = 93%, 2761 KB/s], Decompressed: 701
Downloaded: 8239 file(s) [attempted 8239/8690 = 94%, 971 KB/s], Decompressed: 701
Downloaded: 8362 file(s) [attempted 8362/8690 = 96%, 637 KB/s], Decompressed: 701
Downloaded: 8481 file(s) [attempted 8481/8690 = 97%, 975 KB/s], Decompressed: 701
Downloaded: 8607 file(s) [attempted 8607/8690 = 99%, 211 KB/s], Decompressed: 701
Downloaded: 8689 file(s) [attempted 8689/8690 = 99%, 1477 KB/s], Decompressed: 701
Downloaded: 8690 file(s) [attempted 8690/8690 = 100%, 1477 KB/s], Decompressed: 701
Decompressed 8690 file(s)
Already decompressed 8690 file(s)

EXIT_STATUS=0
