$ systemd-run --user --quiet --wait --pipe --collect -p 'RestrictAddressFamilies=~AF_UNIX' --working-directory /home/runner/work/_temp/aim-lean-tools/.verification-tmp/nla-fresh-proof-juvmcgh0/project /usr/bin/env -i PATH=/home/runner/.elan/toolchains/leanprover--lean4---v4.33.1/bin:/home/runner/.elan/bin:/home/runner/go/bin:/opt/hostedtoolcache/go/1.27.1/x64/bin:/snap/bin:/home/runner/.local/bin:/opt/pipx_bin:/home/runner/.cargo/bin:/home/runner/.config/composer/vendor/bin:/usr/local/.ghcup/bin:/home/runner/.dotnet/tools:/usr/local/sbin:/usr/local/bin:/usr/sbin:/usr/bin:/sbin:/bin:/usr/games:/usr/local/games:/snap/bin HOME=/home/runner LANG=C.UTF-8 XDG_RUNTIME_DIR=/run/user/1001 DBUS_SESSION_BUS_ADDRESS=unix:path=/run/user/1001/bus GIT_TERMINAL_PROMPT=0 GIT_CONFIG_NOSYSTEM=1 GIT_CONFIG_GLOBAL=/dev/null COMPARATOR_BIN=/home/runner/work/_temp/aim-lean-tools/.tools/comparator/.lake/build/bin/comparator COMPARATOR_LEAN4EXPORT=/home/runner/work/_temp/aim-lean-tools/.tools/lean4export/.lake/build/bin/lean4export COMPARATOR_LANDRUN=/home/runner/work/_temp/aim-lean-tools/scripts/strict_landrun.py XDG_CACHE_HOME=/home/runner/work/_temp/aim-lean-tools/.tools/cache TMPDIR=/home/runner/work/_temp/aim-lean-tools/.verification-tmp lake env /home/runner/work/_temp/aim-lean-tools/.tools/comparator/.lake/build/bin/comparator comparator.json
Building Challenge
✔ [3226/3228] Built AIM.P114.Definitions (2.3s)
⚠ [3227/3228] Built Challenge (2.3s)
warning: Challenge.lean:14:8: declaration uses `sorry`
warning: Challenge.lean:21:8: declaration uses `sorry`
warning: Challenge.lean:30:8: declaration uses `sorry`
Build completed successfully (3228 jobs).
Exporting #[Quot, Quot.mk, Quot.lift, Quot.ind, AIM.P114.module_count_identity, AIM.P114.sign_second_moment, AIM.P114.variance_mixture_kurtosis, propext, Classical.choice, Quot.sound, Nat.add, Nat.sub, Nat.mul, Nat.pow, Nat.gcd, Nat.div, Nat.mod, Nat.beq, Nat.ble, Nat.land, Nat.lor, Nat.xor, Nat.shiftLeft, Nat.shiftRight, String.ofList, Char.ofNat, List, eagerReduce, Nat, String, String.mk, Char, optParam, autoParam, semiOutParam, outParam] from Challenge
Building Solution
✔ [3227/3229] Built AIM.P114.Proof (16s)
ℹ [3228/3229] Built Solution (2.1s)
info: Solution.lean:3:0: 'AIM.P114.module_count_identity' depends on axioms: [propext, Classical.choice, Quot.sound]
info: Solution.lean:4:0: 'AIM.P114.sign_second_moment' depends on axioms: [propext, Classical.choice, Quot.sound]
info: Solution.lean:5:0: 'AIM.P114.variance_mixture_kurtosis' depends on axioms: [propext, Classical.choice, Quot.sound]
Build completed successfully (3229 jobs).
Exporting #[Quot, Quot.mk, Quot.lift, Quot.ind, AIM.P114.module_count_identity, AIM.P114.sign_second_moment, AIM.P114.variance_mixture_kurtosis, propext, Classical.choice, Quot.sound, Nat.add, Nat.sub, Nat.mul, Nat.pow, Nat.gcd, Nat.div, Nat.mod, Nat.beq, Nat.ble, Nat.land, Nat.lor, Nat.xor, Nat.shiftLeft, Nat.shiftRight, String.ofList, Char.ofNat, List, eagerReduce, Nat, String, String.mk, Char, optParam, autoParam, semiOutParam, outParam] from Solution
Running Lean default kernel on solution.
Lean default kernel accepts the solution
Your solution is okay!

EXIT_STATUS=0
