EXACT D-STABILITY CERTIFICATE VERIFIED
All 15 principal minors of -A are positive.
All 21 AM--GM inequalities and all 38 coefficient inequalities pass.
Coefficientwise remainder >= (7/100)*absolute original coefficient.
exact J built max 7191457749287168000
exact integer digit product 0 0
exact integer digit product 0 1
exact integer digit product 0 2
exact integer digit product 1 0
exact integer digit product 1 1
exact integer digit product 1 2
EXACT FOURIER CERTIFICATE VERIFIED
omega approximately 0.798412197387762
Y approximately 3.6773449289200996e-12
Z1 approximately 0.7910926956545301
Z2 approximately 56239.673468296154
radius approximately 1e-07
finite_neumann_bound approximately 1.102236665327689e-08
Exact rational upper bounds: Y<1e-10, Z1<4/5, Z2<60000.
EXACT POSITIVITY CERTIFICATE VERIFIED
coordinate lower bounds 0.12839068136654624 0.12907496237223445 0.1723087114372365 0.5566275626698053
coordinate upper bounds 3.089096991092783 2.1241631890234487 1.6356089527810582 2.06622623558019
period between 7.869599864301757 7.86960183561454
Re c_{1,1} > 3/5

ALL EXACT CERTIFICATES PASSED.
