$ lake build lean4export comparator
✔ [3/20] Built Comparator.Util (465ms)
✔ [4/20] Built Comparator.Util:c.o (234ms)
✔ [5/20] Built Export.Parse (2.1s)
✔ [6/20] Built Comparator.Axioms (658ms)
✔ [7/20] Built Comparator.Axioms:c.o (547ms)
✔ [8/20] Built Export (3.6s)
✔ [9/20] Built Comparator.Compare (1.0s)
✔ [10/20] Built Comparator.Compare:c.o (801ms)
✔ [11/20] Built Main (1.5s)
✔ [12/20] Built Comparator (523ms)
✔ [13/20] Built Comparator:c.o (120ms)
✔ [14/20] Built Main:c.o (393ms)
✔ [15/20] Built Export:c.o (4.0s)
✔ [16/20] Built Main (2.4s)
✔ [17/20] Built Export.Parse:c.o (5.0s)
✔ [18/20] Built lean4export:exe (1.2s)
✔ [19/20] Built Main:c.o (1.4s)
✔ [20/20] Built comparator:exe (727ms)
Build completed successfully (20 jobs).

EXIT_STATUS=0
