sigma1(E) = 0.7452555815819808  sigma*Per = 3.8724615957728488
sum_k Bk =
 [[1. 0.]
 [0. 1.]]
sum_k bk = [0. 0.]
A(I) =
 [[ 0.7452555816 -0.          ]
 [-0.            0.7452555816]]   (should be sigma*I)
edge 0 Bk=
 [[0.2607032268 0.1257990346]
 [0.1257990346 0.4059634398]]  bk= [ 0.4682767715 -0.2703597201]
edge 1 Bk=
 [[ 0.4785935463 -0.          ]
 [-0.            0.1880731204]]  bk= [0.           0.5407194401]
edge 2 Bk=
 [[ 0.2607032268 -0.1257990346]
 [-0.1257990346  0.4059634398]]  bk= [-0.4682767715 -0.2703597201]
Aij[0,0]=
 [[ 0.6264660746 -0.          ]
 [-0.            0.118789507 ]] 
Aij[1,1]=
 [[ 0.118789507  -0.          ]
 [-0.            0.6264660746]] 
Aij[0,1]=
 [[ 0.            0.3896718761]
 [ 0.1180046915 -0.          ]]
r= 0.001  max F_loc=3.86635125  (F_loc-target)/r=-6.11035  true max=3.866347
r= 0.010  max F_loc=3.81219522  (F_loc-target)/r=-6.02664  true max=3.811750
r= 0.050  max F_loc=3.58924187  (F_loc-target)/r=-5.66439  true max=3.578245
r= 0.100  max F_loc=3.34916457  (F_loc-target)/r=-5.23297  true max=3.305879
r= 0.200  max F_loc=2.98568766  (F_loc-target)/r=-4.43387  true max=2.817906
r= 0.300  max F_loc=2.76062004  (F_loc-target)/r=-3.70614  true max=2.394110
r= 0.400  max F_loc=2.65913843  (F_loc-target)/r=-3.03331  true max=2.024584
r= 0.500  max F_loc=2.67279592  (F_loc-target)/r=-2.39933  true max=1.702824
r= 0.600  max F_loc=2.79912009  (F_loc-target)/r=-1.78890  true max=1.424344
r= 0.800  max F_loc=3.40773025  (F_loc-target)/r=-0.58091  true max=0.982427
r= 1.000  max F_loc=4.57590177  (F_loc-target)/r=+0.70344  true max=0.668517
