$ lake build lean4export comparator
✔ [3/20] Built Comparator.Util (399ms)
✔ [4/20] Built Comparator.Util:c.o (209ms)
✔ [5/20] Built Export.Parse (1.0s)
✔ [6/20] Built Comparator.Axioms (714ms)
✔ [7/20] Built Comparator.Axioms:c.o (611ms)
✔ [8/20] Built Export (3.3s)
✔ [9/20] Built Comparator.Compare (974ms)
✔ [10/20] Built Comparator.Compare:c.o (748ms)
✔ [11/20] Built Main (1.6s)
✔ [12/20] Built Comparator (465ms)
✔ [13/20] Built Comparator:c.o (108ms)
✔ [14/20] Built Main:c.o (366ms)
✔ [15/20] Built Main (2.2s)
✔ [16/20] Built Export.Parse:c.o (5.6s)
✔ [17/20] Built Export:c.o (4.3s)
✔ [18/20] Built Main:c.o (1.2s)
✔ [19/20] Built lean4export:exe (1.1s)
✔ [20/20] Built comparator:exe (782ms)
Build completed successfully (20 jobs).

EXIT_STATUS=0
