$ lake build lean4export comparator
✔ [3/20] Built Comparator.Util (415ms)
✔ [4/20] Built Comparator.Util:c.o (226ms)
✔ [5/20] Built Export.Parse (2.1s)
✔ [6/20] Built Comparator.Axioms (668ms)
✔ [7/20] Built Export (2.0s)
✔ [8/20] Built Comparator.Axioms:c.o (532ms)
✔ [9/20] Built Comparator.Compare (1.0s)
✔ [10/20] Built Comparator.Compare:c.o (636ms)
✔ [11/20] Built Main (1.5s)
✔ [12/20] Built Comparator (499ms)
✔ [13/20] Built Comparator:c.o (103ms)
✔ [14/20] Built Main:c.o (361ms)
✔ [15/20] Built Main (1.9s)
✔ [16/20] Built Export:c.o (4.5s)
✔ [17/20] Built Export.Parse:c.o (5.8s)
✔ [18/20] Built Main:c.o (1.4s)
✔ [19/20] Built lean4export:exe (1.2s)
✔ [20/20] Built comparator:exe (801ms)
Build completed successfully (20 jobs).

EXIT_STATUS=0
